\BOOKMARK [0][-]{chapter.1}{\376\377\000I\000n\000t\000r\000o\000d\000u\000c\000t\000i\000o\000n}{}% 1
\BOOKMARK [0][-]{chapter.2}{\376\377\000D\000a\000t\000a\000\040\000a\000n\000d\000\040\000M\000o\000d\000e\000l\000s}{}% 2
\BOOKMARK [1][-]{section.2.1}{\376\377\000T\000r\000a\000i\000n\000i\000n\000g\000\040\000D\000a\000t\000a}{chapter.2}% 3
\BOOKMARK [2][-]{subsection.2.1.1}{\376\377\000C\000o\000n\000d\000i\000t\000i\000o\000n\000\040\000i\000n\000p\000u\000t\000\040\000d\000a\000t\000a}{section.2.1}% 4
\BOOKMARK [2][-]{subsection.2.1.2}{\376\377\000T\000a\000r\000g\000e\000t\000\040\000o\000u\000t\000p\000u\000t\000\040\000d\000a\000t\000a}{section.2.1}% 5
\BOOKMARK [1][-]{section.2.2}{\376\377\000M\000o\000d\000e\000l\000s\000\040\000a\000n\000d\000\040\000a\000r\000c\000h\000i\000t\000e\000c\000t\000u\000r\000e\000s\000\040\000o\000v\000e\000r\000v\000i\000e\000w}{chapter.2}% 6
\BOOKMARK [2][-]{subsection.2.2.1}{\376\377\000C\000G\000A\000N\000\040\000f\000o\000r\000m\000u\000l\000a\000t\000i\000o\000n}{section.2.2}% 7
\BOOKMARK [2][-]{subsection.2.2.2}{\376\377\000W\000a\000s\000s\000e\000r\000s\000t\000e\000i\000n\000\040\000C\000G\000A\000N\000\040\000f\000o\000r\000m\000u\000l\000a\000t\000i\000o\000n}{section.2.2}% 8
\BOOKMARK [2][-]{subsection.2.2.3}{\376\377\000F\000o\000r\000G\000A\000N}{section.2.2}% 9
\BOOKMARK [1][-]{section.2.3}{\376\377\000P\000e\000r\000f\000o\000r\000m\000a\000n\000c\000e\000\040\000m\000e\000t\000r\000i\000c\000s\000\040\000a\000n\000d\000\040\000s\000t\000a\000t\000i\000s\000t\000i\000c\000a\000l\000\040\000t\000e\000s\000t\000s}{chapter.2}% 10
\BOOKMARK [2][-]{subsection.2.3.1}{\376\377\000D\000i\000s\000t\000a\000n\000c\000e\000\040\000m\000e\000t\000r\000i\000c\000s}{section.2.3}% 11
\BOOKMARK [2][-]{subsection.2.3.2}{\376\377\000T\000h\000e\000\040\000K\000o\000l\000m\000o\000g\000o\000r\000o\000v\000-\000S\000m\000i\000r\000n\000o\000v\000\040\000t\000e\000s\000t}{section.2.3}% 12
\BOOKMARK [0][-]{chapter.3}{\376\377\000C\000G\000A\000N\000\040\000e\000x\000p\000e\000r\000i\000m\000e\000n\000t\000a\000l\000\040\000r\000e\000s\000u\000l\000t\000s}{}% 13
\BOOKMARK [1][-]{section.3.1}{\376\377\000M\000e\000a\000n\000\040\000a\000n\000d\000\040\000S\000t\000a\000n\000d\000a\000r\000d\000\040\000D\000e\000v\000i\000a\000t\000i\000o\000n\000\040\000a\000s\000\040\000t\000a\000r\000g\000e\000t}{chapter.3}% 14
\BOOKMARK [1][-]{section.3.2}{\376\377\000B\000i\000n\000s\000\040\000p\000r\000o\000b\000a\000b\000i\000l\000i\000t\000i\000e\000s\000\040\000a\000s\000\040\000t\000a\000r\000g\000e\000t}{chapter.3}% 15
\BOOKMARK [2][-]{subsection.3.2.1}{\376\377\000C\000o\000n\000d\000i\000t\000i\000o\000n\000a\000l\000\040\000G\000A\000N\000\040\000r\000e\000s\000u\000l\000t\000s}{section.3.2}% 16
\BOOKMARK [2][-]{subsection.3.2.2}{\376\377\000C\000o\000n\000d\000i\000t\000i\000o\000n\000a\000l\000\040\000W\000a\000s\000s\000e\000r\000s\000t\000e\000i\000n\000\040\000G\000A\000N\000\040\000r\000e\000s\000u\000l\000t\000s}{section.3.2}% 17
\BOOKMARK [1][-]{section.3.3}{\376\377\000P\000o\000s\000s\000i\000b\000l\000e\000\040\000i\000m\000p\000r\000o\000v\000e\000m\000e\000n\000t\000s}{chapter.3}% 18
\BOOKMARK [0][-]{chapter.4}{\376\377\000F\000o\000r\000G\000A\000N\000\040\000a\000r\000c\000h\000i\000t\000e\000c\000t\000u\000r\000e}{}% 19
\BOOKMARK [1][-]{subsection.4.0.1}{\376\377\000F\000o\000r\000G\000A\000N\000\040\000s\000i\000m\000p\000l\000i\000f\000i\000e\000d\000\040\000t\000a\000s\000k}{chapter.4}% 20
\BOOKMARK [2][-]{subsection.4.0.2}{\376\377\000F\000o\000r\000G\000A\000N\000\040\000r\000e\000s\000u\000l\000t\000s}{subsection.4.0.1}% 21
\BOOKMARK [2][-]{subsection.4.0.3}{\376\377\000F\000o\000r\000W\000G\000A\000N\000\040\000r\000e\000s\000u\000l\000t\000s}{subsection.4.0.1}% 22
\BOOKMARK [2][-]{subsection.4.0.4}{\376\377\000I\000m\000p\000r\000o\000v\000e\000m\000e\000n\000t\000s}{subsection.4.0.1}% 23
\BOOKMARK [0][-]{chapter.5}{\376\377\000B\000e\000y\000o\000n\000d\000\040\000a\000d\000v\000e\000r\000s\000a\000r\000i\000a\000l\000\040\000l\000o\000s\000s\000\040\000f\000u\000n\000c\000t\000i\000o\000n}{}% 24
\BOOKMARK [1][-]{section.5.1}{\376\377\000S\000R\000F\000o\000r\000G\000A\000N\000\040\000A\000r\000c\000h\000i\000t\000e\000c\000t\000u\000r\000e}{chapter.5}% 25
\BOOKMARK [1][-]{section.5.2}{\376\377\000S\000R\000F\000o\000r\000G\000A\000N\000\040\000a\000n\000d\000\040\000H\000y\000b\000r\000i\000d\000\040\000F\000o\000r\000g\000a\000n\000\040\000r\000e\000s\000u\000l\000t\000s}{chapter.5}% 26
\BOOKMARK [2][-]{subsection.5.2.1}{\376\377\000S\000R\000F\000o\000r\000G\000A\000N\000\040\000r\000e\000s\000u\000l\000t\000s}{section.5.2}% 27
\BOOKMARK [2][-]{subsection.5.2.2}{\376\377\000H\000y\000b\000r\000i\000d\000\040\000F\000o\000r\000G\000A\000N\000\040\000r\000e\000s\000u\000l\000t\000s}{section.5.2}% 28
\BOOKMARK [2][-]{subsection.5.2.3}{\376\377\000H\000y\000b\000r\000i\000d\000\040\000F\000o\000r\000W\000G\000A\000N\000\040\000r\000e\000s\000u\000l\000t\000s}{section.5.2}% 29
\BOOKMARK [0][-]{chapter.6}{\376\377\000T\000h\000e\000\040\000H\000e\000s\000t\000o\000n\000\040\000S\000t\000o\000c\000h\000a\000s\000t\000i\000c\000\040\000V\000o\000l\000a\000t\000i\000l\000i\000t\000y\000\040\000D\000a\000t\000a\000\040\000S\000i\000m\000u\000l\000a\000t\000o\000r}{}% 30
\BOOKMARK [1][-]{section.6.1}{\376\377\000T\000h\000e\000\040\000H\000e\000s\000t\000o\000n\000\040\000S\000t\000o\000c\000h\000a\000s\000t\000i\000c\000\040\000V\000o\000l\000a\000t\000i\000l\000i\000t\000y\000\040\000M\000o\000d\000e\000l}{chapter.6}% 31
\BOOKMARK [2][-]{subsection.6.1.1}{\376\377\000T\000h\000e\000\040\000H\000e\000s\000t\000o\000n\000\040\000S\000y\000s\000t\000e\000m\000\040\000o\000f\000\040\000S\000D\000E\000s}{section.6.1}% 32
\BOOKMARK [2][-]{subsection.6.1.2}{\376\377\000N\000u\000m\000e\000r\000i\000c\000a\000l\000\040\000D\000i\000s\000c\000r\000e\000t\000i\000s\000a\000t\000i\000o\000n\000\040\000o\000f\000\040\000t\000h\000e\000\040\000H\000e\000s\000t\000o\000n\000\040\000S\000D\000E\000s}{section.6.1}% 33
\BOOKMARK [2][-]{subsection.6.1.3}{\376\377\000T\000h\000e\000\040\000C\000h\000a\000r\000a\000c\000t\000e\000r\000i\000s\000t\000i\000c\000\040\000F\000u\000n\000c\000t\000i\000o\000n\000\040\000a\000n\000d\000\040\000t\000h\000e\000\040\000F\000o\000u\000r\000i\000e\000r\000\040\000I\000n\000v\000e\000r\000s\000i\000o\000n\000\040\000F\000o\000r\000m\000u\000l\000a}{section.6.1}% 34
\BOOKMARK [2][-]{subsection.6.1.4}{\376\377\000T\000h\000e\000\040\000P\000D\000F\000\040\000C\000o\000m\000p\000u\000t\000a\000t\000i\000o\000n\000\040\000P\000i\000p\000e\000l\000i\000n\000e}{section.6.1}% 35
\BOOKMARK [1][-]{section.6.2}{\376\377\000N\000u\000m\000e\000r\000i\000c\000a\000l\000\040\000V\000a\000l\000i\000d\000a\000t\000i\000o\000n\000\040\000o\000f\000\040\000t\000h\000e\000\040\000F\000r\000a\000c\000t\000i\000o\000n\000a\000l\000\040\000F\000F\000T\000\040\000v\000i\000a\000\040\000t\000h\000e\000\040\000B\000l\000a\000c\000k\000-\000S\000c\000h\000o\000l\000e\000s\000\040\000C\000h\000a\000r\000a\000c\000t\000e\000r\000i\000s\000t\000i\000c\000\040\000F\000u\000n\000c\000t\000i\000o\000n}{chapter.6}% 36
\BOOKMARK [2][-]{subsection.6.2.1}{\376\377\000V\000a\000l\000i\000d\000a\000t\000i\000o\000n\000\040\000D\000e\000s\000i\000g\000n}{section.6.2}% 37
\BOOKMARK [2][-]{subsection.6.2.2}{\376\377\000S\000u\000m\000m\000a\000r\000y\000\040\000a\000n\000d\000\040\000I\000n\000t\000e\000r\000p\000r\000e\000t\000a\000t\000i\000o\000n}{section.6.2}% 38
\BOOKMARK [1][-]{section.6.3}{\376\377\000S\000c\000o\000r\000i\000n\000g\000\040\000R\000u\000l\000e\000\040\000F\000o\000r\000G\000A\000N\000\040\000r\000e\000s\000u\000l\000t\000s}{chapter.6}% 39
\BOOKMARK [2][-]{subsection.6.3.1}{\376\377\000S\000t\000e\000p\000s\000\040\000f\000o\000r\000\040\000e\000x\000p\000e\000r\000i\000m\000e\000n\000t\000\040\000r\000e\000p\000r\000o\000d\000u\000c\000i\000b\000i\000l\000i\000t\000y}{section.6.3}% 40
\BOOKMARK [2][-]{subsection.6.3.2}{\376\377\000T\000e\000s\000t\000\040\000r\000e\000s\000u\000l\000t\000s}{section.6.3}% 41
